// Jest Snapshot v1, https://goo.gl/fbAQLP

exports[`Hangman component Hangman compnent is rendered 1`] = `
<div>
  <div
    class="container"
  >
    <div
      class="left-pane"
    >
      <img
        alt="Hangman"
        src="man0.png"
      />
    </div>
    <div
      class="right-pane"
    >
      <div
        id="game"
      >
        <p
          id="result"
          style="display: none;"
        >
          Game Over!!
        </p>
        <p
          id="guess"
          style="display: none;"
        />
        <div>
          <span
            id="tries"
            style="display: none;"
          >
            Left tries: 
            <span
              style="color: rgb(255, 102, 115);"
            >
              0
            </span>
             
          </span>
          <span
            id="answer"
            style="display: none;"
          >
            The answer is: 
            
          </span>
        </div>
      </div>
      <div
        id="keyboard"
      >
        <button
          class="letters"
          data-testid="keys"
          value="A"
        >
          A
        </button>
        <button
          class="letters"
          data-testid="keys"
          value="B"
        >
          B
        </button>
        <button
          class="letters"
          data-testid="keys"
          value="C"
        >
          C
        </button>
        <button
          class="letters"
          data-testid="keys"
          value="D"
        >
          D
        </button>
        <button
          class="letters"
          data-testid="keys"
          value="E"
        >
          E
        </button>
        <button
          class="letters"
          data-testid="keys"
          value="F"
        >
          F
        </button>
        <button
          class="letters"
          data-testid="keys"
          value="G"
        >
          G
        </button>
        <button
          class="letters"
          data-testid="keys"
          value="H"
        >
          H
        </button>
        <button
          class="letters"
          data-testid="keys"
          value="I"
        >
          I
        </button>
        <button
          class="letters"
          data-testid="keys"
          value="J"
        >
          J
        </button>
        <button
          class="letters"
          data-testid="keys"
          value="K"
        >
          K
        </button>
        <button
          class="letters"
          data-testid="keys"
          value="L"
        >
          L
        </button>
        <button
          class="letters"
          data-testid="keys"
          value="M"
        >
          M
        </button>
        <button
          class="letters"
          data-testid="keys"
          value="N"
        >
          N
        </button>
        <button
          class="letters"
          data-testid="keys"
          value="O"
        >
          O
        </button>
        <button
          class="letters"
          data-testid="keys"
          value="P"
        >
          P
        </button>
        <button
          class="letters"
          data-testid="keys"
          value="Q"
        >
          Q
        </button>
        <button
          class="letters"
          data-testid="keys"
          value="R"
        >
          R
        </button>
        <button
          class="letters"
          data-testid="keys"
          value="S"
        >
          S
        </button>
        <button
          class="letters"
          data-testid="keys"
          value="T"
        >
          T
        </button>
        <button
          class="letters"
          data-testid="keys"
          value="U"
        >
          U
        </button>
        <button
          class="letters"
          data-testid="keys"
          value="V"
        >
          V
        </button>
        <button
          class="letters"
          data-testid="keys"
          value="W"
        >
          W
        </button>
        <button
          class="letters"
          data-testid="keys"
          value="X"
        >
          X
        </button>
        <button
          class="letters"
          data-testid="keys"
          value="Y"
        >
          Y
        </button>
        <button
          class="letters"
          data-testid="keys"
          value="Z"
        >
          Z
        </button>
      </div>
      <button
        id="start"
      >
        NEW GAME
      </button>
    </div>
  </div>
</div>
`;
